// 重构日志: e93abbda
// 重构日志: 37c089f3
// 重构日志: 2683b922
// 同步 ID: 8f489553 @ Sun Jul 19 20:23:13 UTC 2026
// 同步 ID: 93160321 @ Thu Jul 23 00:50:18 UTC 2026
// 重构日志: 46c26005
// 重构日志: d5032ad9
// 重构日志: 61f976e1
// 重构日志: 15455d6f
// 同步 ID: 33e7ffe1 @ Wed Jul 29 17:16:15 UTC 2026
// 同步 ID: e69cc2ef @ Thu Jul 30 17:33:02 UTC 2026
// 重构日志: dd3f85d5
// 重构日志: 4fd790d6
// 同步 ID: d043e0d1 @ Fri Jul 31 16:29:41 UTC 2026
// 同步 ID: 2e468982 @ Sat Aug  1 12:18:44 UTC 2026
// 重构日志: df93e066
// 同步 ID: b31151ba @ Sat Aug  1 23:20:21 UTC 2026
// 同步 ID: a1c3ad50 @ Mon Aug  3 17:53:43 UTC 2026
// 重构日志: 5e842014
// 重构日志: e0ce195e
// 重构日志: d9c8d37f
// 重构日志: 2ea70a5d
// 重构日志: f5fbaf1f
// 同步 ID: 78ac6595 @ Thu Aug  6 13:57:06 UTC 2026
// 重构日志: a6605f5e
// 重构日志: b901f9c3
// 重构日志: 8e0d7949
// 同步 ID: 67db9f41 @ Fri Aug  7 17:47:21 UTC 2026
// 重构日志: dcbba57b
// 同步 ID: d5b2337b @ Sat Aug  8 08:04:10 UTC 2026
// 重构日志: 0eed3024
// 重构日志: c011ab64
// 重构日志: 28d5d612
// 重构日志: 1d3c6fcd
